Wed Jan 23 18:01:16 2013
Wed Jan 23 18:04:24 2013
Wed Jan 23 18:06:53 2013
Wed Jan 23 18:24:54 2013
Wed Jan 23 18:31:45 2013
Wed Jan 23 18:33:18 2013
Wed Jan 23 18:34:34 2013
Wed Jan 23 18:50:21 2013
Wed Jan 23 18:56:18 2013
Wed Jan 23 18:57:00 2013
Wed Jan 23 18:58:21 2013
Wed Jan 23 19:00:55 2013
Wed Jan 23 19:02:13 2013
Wed Jan 23 19:05:23 2013
Wed Jan 23 19:06:10 2013
Wed Jan 23 19:07:23 2013
Wed Jan 23 19:08:43 2013
Wed Jan 23 19:09:52 2013
Wed Jan 23 19:12:45 2013
Wed Jan 23 19:18:19 2013
Wed Jan 23 19:19:13 2013
Wed Jan 23 19:19:46 2013
Wed Jan 23 19:21:08 2013
Wed Jan 23 19:23:08 2013
Wed Jan 23 19:29:48 2013
Wed Jan 23 19:31:14 2013
Wed Jan 23 19:33:28 2013
Wed Jan 23 19:35:00 2013
Wed Jan 23 19:37:10 2013
